Archive member included to satisfy reference by file (symbol)

/usr/lib/gcc/avr/4.9.2/avr6/libgcc.a(_udivmodhi4.o)
                              UsingTimerSerial.o (__udivmodhi4)
/usr/lib/gcc/avr/4.9.2/avr6/libgcc.a(_divmodhi4.o)
                              UsingTimerSerial.o (__divmodhi4)
/usr/lib/gcc/avr/4.9.2/avr6/libgcc.a(_udivmodsi4.o)
                              UsingTimerSerial.o (__udivmodsi4)
/usr/lib/gcc/avr/4.9.2/avr6/libgcc.a(_exit.o)
                              /usr/lib/gcc/avr/4.9.2/../../../avr/lib/avr6/crtatmega2560.o (exit)
/usr/lib/gcc/avr/4.9.2/avr6/libgcc.a(_copy_data.o)
                              UsingTimerSerial.o (__do_copy_data)
/usr/lib/gcc/avr/4.9.2/avr6/libgcc.a(_clear_bss.o)
                              UsingTimerSerial.o (__do_clear_bss)
/usr/lib/gcc/avr/4.9.2/avr6/libgcc.a(_muluhisi3.o)
                              UsingTimerSerial.o (__muluhisi3)
/usr/lib/gcc/avr/4.9.2/avr6/libgcc.a(_umulhisi3.o)
                              /usr/lib/gcc/avr/4.9.2/avr6/libgcc.a(_muluhisi3.o) (__umulhisi3)
/usr/lib/gcc/avr/4.9.2/../../../avr/lib/avr6/libc.a(strcat.o)
                              UsingTimerSerial.o (strcat)

Allocating common symbols
Common symbol       size              file

rx_buffer_head      0x1               UsingTimerSerial.o
rx_buffer_tail      0x1               UsingTimerSerial.o
tx_complete         0x1               UsingTimerSerial.o
rx_buffer           0x3c              UsingTimerSerial.o

Memory Configuration

Name             Origin             Length             Attributes
text             0x0000000000000000 0x0000000000100000 xr
data             0x0000000000800200 0x000000000000fe00 rw !x
eeprom           0x0000000000810000 0x0000000000010000 rw !x
fuse             0x0000000000820000 0x0000000000000400 rw !x
lock             0x0000000000830000 0x0000000000000400 rw !x
signature        0x0000000000840000 0x0000000000000400 rw !x
*default*        0x0000000000000000 0xffffffffffffffff

Linker script and memory map

Address of section .data set to 0x800200
LOAD /usr/lib/gcc/avr/4.9.2/../../../avr/lib/avr6/crtatmega2560.o
LOAD /usr/lib/gcc/avr/4.9.2/../../../avr/lib/avr6/libm.a
LOAD UsingTimerSerial.o
START GROUP
LOAD /usr/lib/gcc/avr/4.9.2/avr6/libgcc.a
LOAD /usr/lib/gcc/avr/4.9.2/../../../avr/lib/avr6/libm.a
LOAD /usr/lib/gcc/avr/4.9.2/../../../avr/lib/avr6/libc.a
LOAD /usr/lib/gcc/avr/4.9.2/../../../avr/lib/avr6/libatmega2560.a
END GROUP

.hash
 *(.hash)

.dynsym
 *(.dynsym)

.dynstr
 *(.dynstr)

.gnu.version
 *(.gnu.version)

.gnu.version_d
 *(.gnu.version_d)

.gnu.version_r
 *(.gnu.version_r)

.rel.init
 *(.rel.init)

.rela.init
 *(.rela.init)

.rel.text
 *(.rel.text)
 *(.rel.text.*)
 *(.rel.gnu.linkonce.t*)

.rela.text
 *(.rela.text)
 *(.rela.text.*)
 *(.rela.gnu.linkonce.t*)

.rel.fini
 *(.rel.fini)

.rela.fini
 *(.rela.fini)

.rel.rodata
 *(.rel.rodata)
 *(.rel.rodata.*)
 *(.rel.gnu.linkonce.r*)

.rela.rodata
 *(.rela.rodata)
 *(.rela.rodata.*)
 *(.rela.gnu.linkonce.r*)

.rel.data
 *(.rel.data)
 *(.rel.data.*)
 *(.rel.gnu.linkonce.d*)

.rela.data
 *(.rela.data)
 *(.rela.data.*)
 *(.rela.gnu.linkonce.d*)

.rel.ctors
 *(.rel.ctors)

.rela.ctors
 *(.rela.ctors)

.rel.dtors
 *(.rel.dtors)

.rela.dtors
 *(.rela.dtors)

.rel.got
 *(.rel.got)

.rela.got
 *(.rela.got)

.rel.bss
 *(.rel.bss)

.rela.bss
 *(.rela.bss)

.rel.plt
 *(.rel.plt)

.rela.plt
 *(.rela.plt)

.text           0x0000000000000000      0x860
 *(.vectors)
 .vectors       0x0000000000000000       0xe4 /usr/lib/gcc/avr/4.9.2/../../../avr/lib/avr6/crtatmega2560.o
                0x0000000000000000                __vectors
                0x0000000000000000                __vector_default
 *(.vectors)
 *(.progmem.gcc*)
 *(.progmem*)
                0x00000000000000e4                . = ALIGN (0x2)
                0x00000000000000e4                __trampolines_start = .
 *(.trampolines)
 .trampolines   0x00000000000000e4        0x0 linker stubs
 *(.trampolines*)
                0x00000000000000e4                __trampolines_end = .
 *(.jumptables)
 *(.jumptables*)
 *(.lowtext)
 *(.lowtext*)
                0x00000000000000e4                __ctors_start = .
 *(.ctors)
                0x00000000000000e4                __ctors_end = .
                0x00000000000000e4                __dtors_start = .
 *(.dtors)
                0x00000000000000e4                __dtors_end = .
 SORT(*)(.ctors)
 SORT(*)(.dtors)
 *(.init0)
 .init0         0x00000000000000e4        0x0 /usr/lib/gcc/avr/4.9.2/../../../avr/lib/avr6/crtatmega2560.o
                0x00000000000000e4                __init
 *(.init0)
 *(.init1)
 *(.init1)
 *(.init2)
 .init2         0x00000000000000e4       0x10 /usr/lib/gcc/avr/4.9.2/../../../avr/lib/avr6/crtatmega2560.o
 *(.init2)
 *(.init3)
 *(.init3)
 *(.init4)
 .init4         0x00000000000000f4       0x1a /usr/lib/gcc/avr/4.9.2/avr6/libgcc.a(_copy_data.o)
                0x00000000000000f4                __do_copy_data
 .init4         0x000000000000010e       0x10 /usr/lib/gcc/avr/4.9.2/avr6/libgcc.a(_clear_bss.o)
                0x000000000000010e                __do_clear_bss
 *(.init4)
 *(.init5)
 *(.init5)
 *(.init6)
 *(.init6)
 *(.init7)
 *(.init7)
 *(.init8)
 *(.init8)
 *(.init9)
 .init9         0x000000000000011e        0x8 /usr/lib/gcc/avr/4.9.2/../../../avr/lib/avr6/crtatmega2560.o
 *(.init9)
 *(.text)
 .text          0x0000000000000126        0x4 /usr/lib/gcc/avr/4.9.2/../../../avr/lib/avr6/crtatmega2560.o
                0x0000000000000126                __vector_38
                0x0000000000000126                __vector_22
                0x0000000000000126                __vector_28
                0x0000000000000126                __vector_1
                0x0000000000000126                __vector_32
                0x0000000000000126                __vector_34
                0x0000000000000126                __vector_24
                0x0000000000000126                __vector_12
                0x0000000000000126                __vector_55
                0x0000000000000126                __vector_46
                0x0000000000000126                __bad_interrupt
                0x0000000000000126                __vector_6
                0x0000000000000126                __vector_31
                0x0000000000000126                __vector_35
                0x0000000000000126                __vector_39
                0x0000000000000126                __vector_3
                0x0000000000000126                __vector_30
                0x0000000000000126                __vector_45
                0x0000000000000126                __vector_11
                0x0000000000000126                __vector_54
                0x0000000000000126                __vector_13
                0x0000000000000126                __vector_17
                0x0000000000000126                __vector_19
                0x0000000000000126                __vector_56
                0x0000000000000126                __vector_7
                0x0000000000000126                __vector_49
                0x0000000000000126                __vector_41
                0x0000000000000126                __vector_43
                0x0000000000000126                __vector_27
                0x0000000000000126                __vector_5
                0x0000000000000126                __vector_33
                0x0000000000000126                __vector_47
                0x0000000000000126                __vector_52
                0x0000000000000126                __vector_37
                0x0000000000000126                __vector_4
                0x0000000000000126                __vector_44
                0x0000000000000126                __vector_51
                0x0000000000000126                __vector_9
                0x0000000000000126                __vector_2
                0x0000000000000126                __vector_21
                0x0000000000000126                __vector_15
                0x0000000000000126                __vector_36
                0x0000000000000126                __vector_40
                0x0000000000000126                __vector_8
                0x0000000000000126                __vector_26
                0x0000000000000126                __vector_48
                0x0000000000000126                __vector_14
                0x0000000000000126                __vector_53
                0x0000000000000126                __vector_10
                0x0000000000000126                __vector_50
                0x0000000000000126                __vector_16
                0x0000000000000126                __vector_18
                0x0000000000000126                __vector_20
                0x0000000000000126                __vector_42
 .text          0x000000000000012a      0x5c8 UsingTimerSerial.o
                0x000000000000012a                __vector_25
                0x000000000000013e                uart_init
                0x0000000000000164                uart_putc
                0x0000000000000182                uart_putc_hex
                0x00000000000001ac                uart_putw_hex
                0x00000000000001be                uart_putdw_hex
                0x00000000000001de                uart_putw_dec
                0x000000000000026a                uart_putdw_dec
                0x0000000000000322                uart_puts
                0x000000000000033a                uart_puts_p
                0x0000000000000358                uart_buffer_empty
                0x0000000000000360                uart_getc
                0x000000000000036e                padToBuffer
                0x000000000000038c                __vector_23
                0x00000000000005ac                __vector_29
                0x000000000000064e                do_math
                0x000000000000069a                read_adc
 .text          0x00000000000006f2        0x0 /usr/lib/gcc/avr/4.9.2/avr6/libgcc.a(_udivmodhi4.o)
 .text          0x00000000000006f2        0x0 /usr/lib/gcc/avr/4.9.2/avr6/libgcc.a(_divmodhi4.o)
 .text          0x00000000000006f2        0x0 /usr/lib/gcc/avr/4.9.2/avr6/libgcc.a(_udivmodsi4.o)
 .text          0x00000000000006f2        0x0 /usr/lib/gcc/avr/4.9.2/avr6/libgcc.a(_exit.o)
 .text          0x00000000000006f2        0x0 /usr/lib/gcc/avr/4.9.2/avr6/libgcc.a(_copy_data.o)
 .text          0x00000000000006f2        0x0 /usr/lib/gcc/avr/4.9.2/avr6/libgcc.a(_clear_bss.o)
 .text          0x00000000000006f2        0x0 /usr/lib/gcc/avr/4.9.2/avr6/libgcc.a(_muluhisi3.o)
 .text          0x00000000000006f2        0x0 /usr/lib/gcc/avr/4.9.2/avr6/libgcc.a(_umulhisi3.o)
 .text          0x00000000000006f2        0x0 /usr/lib/gcc/avr/4.9.2/../../../avr/lib/avr6/libc.a(strcat.o)
                0x00000000000006f2                . = ALIGN (0x2)
 *(.text.*)
 .text.startup  0x00000000000006f2       0x8c UsingTimerSerial.o
                0x00000000000006f2                main
 .text.libgcc.mul
                0x000000000000077e        0x0 /usr/lib/gcc/avr/4.9.2/avr6/libgcc.a(_udivmodhi4.o)
 .text.libgcc.div
                0x000000000000077e       0x28 /usr/lib/gcc/avr/4.9.2/avr6/libgcc.a(_udivmodhi4.o)
                0x000000000000077e                __udivmodhi4
 .text.libgcc   0x00000000000007a6        0x0 /usr/lib/gcc/avr/4.9.2/avr6/libgcc.a(_udivmodhi4.o)
 .text.libgcc.prologue
                0x00000000000007a6        0x0 /usr/lib/gcc/avr/4.9.2/avr6/libgcc.a(_udivmodhi4.o)
 .text.libgcc.builtins
                0x00000000000007a6        0x0 /usr/lib/gcc/avr/4.9.2/avr6/libgcc.a(_udivmodhi4.o)
 .text.libgcc.fmul
                0x00000000000007a6        0x0 /usr/lib/gcc/avr/4.9.2/avr6/libgcc.a(_udivmodhi4.o)
 .text.libgcc.fixed
                0x00000000000007a6        0x0 /usr/lib/gcc/avr/4.9.2/avr6/libgcc.a(_udivmodhi4.o)
 .text.libgcc.mul
                0x00000000000007a6        0x0 /usr/lib/gcc/avr/4.9.2/avr6/libgcc.a(_divmodhi4.o)
 .text.libgcc.div
                0x00000000000007a6       0x28 /usr/lib/gcc/avr/4.9.2/avr6/libgcc.a(_divmodhi4.o)
                0x00000000000007a6                __divmodhi4
                0x00000000000007a6                _div
 .text.libgcc   0x00000000000007ce        0x0 /usr/lib/gcc/avr/4.9.2/avr6/libgcc.a(_divmodhi4.o)
 .text.libgcc.prologue
                0x00000000000007ce        0x0 /usr/lib/gcc/avr/4.9.2/avr6/libgcc.a(_divmodhi4.o)
 .text.libgcc.builtins
                0x00000000000007ce        0x0 /usr/lib/gcc/avr/4.9.2/avr6/libgcc.a(_divmodhi4.o)
 .text.libgcc.fmul
                0x00000000000007ce        0x0 /usr/lib/gcc/avr/4.9.2/avr6/libgcc.a(_divmodhi4.o)
 .text.libgcc.fixed
                0x00000000000007ce        0x0 /usr/lib/gcc/avr/4.9.2/avr6/libgcc.a(_divmodhi4.o)
 .text.libgcc.mul
                0x00000000000007ce        0x0 /usr/lib/gcc/avr/4.9.2/avr6/libgcc.a(_udivmodsi4.o)
 .text.libgcc.div
                0x00000000000007ce       0x44 /usr/lib/gcc/avr/4.9.2/avr6/libgcc.a(_udivmodsi4.o)
                0x00000000000007ce                __udivmodsi4
 .text.libgcc   0x0000000000000812        0x0 /usr/lib/gcc/avr/4.9.2/avr6/libgcc.a(_udivmodsi4.o)
 .text.libgcc.prologue
                0x0000000000000812        0x0 /usr/lib/gcc/avr/4.9.2/avr6/libgcc.a(_udivmodsi4.o)
 .text.libgcc.builtins
                0x0000000000000812        0x0 /usr/lib/gcc/avr/4.9.2/avr6/libgcc.a(_udivmodsi4.o)
 .text.libgcc.fmul
                0x0000000000000812        0x0 /usr/lib/gcc/avr/4.9.2/avr6/libgcc.a(_udivmodsi4.o)
 .text.libgcc.fixed
                0x0000000000000812        0x0 /usr/lib/gcc/avr/4.9.2/avr6/libgcc.a(_udivmodsi4.o)
 .text.libgcc.mul
                0x0000000000000812        0x0 /usr/lib/gcc/avr/4.9.2/avr6/libgcc.a(_exit.o)
 .text.libgcc.div
                0x0000000000000812        0x0 /usr/lib/gcc/avr/4.9.2/avr6/libgcc.a(_exit.o)
 .text.libgcc   0x0000000000000812        0x0 /usr/lib/gcc/avr/4.9.2/avr6/libgcc.a(_exit.o)
 .text.libgcc.prologue
                0x0000000000000812        0x0 /usr/lib/gcc/avr/4.9.2/avr6/libgcc.a(_exit.o)
 .text.libgcc.builtins
                0x0000000000000812        0x0 /usr/lib/gcc/avr/4.9.2/avr6/libgcc.a(_exit.o)
 .text.libgcc.fmul
                0x0000000000000812        0x0 /usr/lib/gcc/avr/4.9.2/avr6/libgcc.a(_exit.o)
 .text.libgcc.fixed
                0x0000000000000812        0x0 /usr/lib/gcc/avr/4.9.2/avr6/libgcc.a(_exit.o)
 .text.libgcc.mul
                0x0000000000000812        0x0 /usr/lib/gcc/avr/4.9.2/avr6/libgcc.a(_copy_data.o)
 .text.libgcc.div
                0x0000000000000812        0x0 /usr/lib/gcc/avr/4.9.2/avr6/libgcc.a(_copy_data.o)
 .text.libgcc   0x0000000000000812        0x0 /usr/lib/gcc/avr/4.9.2/avr6/libgcc.a(_copy_data.o)
 .text.libgcc.prologue
                0x0000000000000812        0x0 /usr/lib/gcc/avr/4.9.2/avr6/libgcc.a(_copy_data.o)
 .text.libgcc.builtins
                0x0000000000000812        0x0 /usr/lib/gcc/avr/4.9.2/avr6/libgcc.a(_copy_data.o)
 .text.libgcc.fmul
                0x0000000000000812        0x0 /usr/lib/gcc/avr/4.9.2/avr6/libgcc.a(_copy_data.o)
 .text.libgcc.fixed
                0x0000000000000812        0x0 /usr/lib/gcc/avr/4.9.2/avr6/libgcc.a(_copy_data.o)
 .text.libgcc.mul
                0x0000000000000812        0x0 /usr/lib/gcc/avr/4.9.2/avr6/libgcc.a(_clear_bss.o)
 .text.libgcc.div
                0x0000000000000812        0x0 /usr/lib/gcc/avr/4.9.2/avr6/libgcc.a(_clear_bss.o)
 .text.libgcc   0x0000000000000812        0x0 /usr/lib/gcc/avr/4.9.2/avr6/libgcc.a(_clear_bss.o)
 .text.libgcc.prologue
                0x0000000000000812        0x0 /usr/lib/gcc/avr/4.9.2/avr6/libgcc.a(_clear_bss.o)
 .text.libgcc.builtins
                0x0000000000000812        0x0 /usr/lib/gcc/avr/4.9.2/avr6/libgcc.a(_clear_bss.o)
 .text.libgcc.fmul
                0x0000000000000812        0x0 /usr/lib/gcc/avr/4.9.2/avr6/libgcc.a(_clear_bss.o)
 .text.libgcc.fixed
                0x0000000000000812        0x0 /usr/lib/gcc/avr/4.9.2/avr6/libgcc.a(_clear_bss.o)
 .text.libgcc.mul
                0x0000000000000812       0x16 /usr/lib/gcc/avr/4.9.2/avr6/libgcc.a(_muluhisi3.o)
                0x0000000000000812                __muluhisi3
 .text.libgcc.div
                0x0000000000000828        0x0 /usr/lib/gcc/avr/4.9.2/avr6/libgcc.a(_muluhisi3.o)
 .text.libgcc   0x0000000000000828        0x0 /usr/lib/gcc/avr/4.9.2/avr6/libgcc.a(_muluhisi3.o)
 .text.libgcc.prologue
                0x0000000000000828        0x0 /usr/lib/gcc/avr/4.9.2/avr6/libgcc.a(_muluhisi3.o)
 .text.libgcc.builtins
                0x0000000000000828        0x0 /usr/lib/gcc/avr/4.9.2/avr6/libgcc.a(_muluhisi3.o)
 .text.libgcc.fmul
                0x0000000000000828        0x0 /usr/lib/gcc/avr/4.9.2/avr6/libgcc.a(_muluhisi3.o)
 .text.libgcc.fixed
                0x0000000000000828        0x0 /usr/lib/gcc/avr/4.9.2/avr6/libgcc.a(_muluhisi3.o)
 .text.libgcc.mul
                0x0000000000000828       0x1e /usr/lib/gcc/avr/4.9.2/avr6/libgcc.a(_umulhisi3.o)
                0x0000000000000828                __umulhisi3
 .text.libgcc.div
                0x0000000000000846        0x0 /usr/lib/gcc/avr/4.9.2/avr6/libgcc.a(_umulhisi3.o)
 .text.libgcc   0x0000000000000846        0x0 /usr/lib/gcc/avr/4.9.2/avr6/libgcc.a(_umulhisi3.o)
 .text.libgcc.prologue
                0x0000000000000846        0x0 /usr/lib/gcc/avr/4.9.2/avr6/libgcc.a(_umulhisi3.o)
 .text.libgcc.builtins
                0x0000000000000846        0x0 /usr/lib/gcc/avr/4.9.2/avr6/libgcc.a(_umulhisi3.o)
 .text.libgcc.fmul
                0x0000000000000846        0x0 /usr/lib/gcc/avr/4.9.2/avr6/libgcc.a(_umulhisi3.o)
 .text.libgcc.fixed
                0x0000000000000846        0x0 /usr/lib/gcc/avr/4.9.2/avr6/libgcc.a(_umulhisi3.o)
 .text.avr-libc
                0x0000000000000846       0x16 /usr/lib/gcc/avr/4.9.2/../../../avr/lib/avr6/libc.a(strcat.o)
                0x0000000000000846                strcat
                0x000000000000085c                . = ALIGN (0x2)
 *(.fini9)
 .fini9         0x000000000000085c        0x0 /usr/lib/gcc/avr/4.9.2/avr6/libgcc.a(_exit.o)
                0x000000000000085c                exit
                0x000000000000085c                _exit
 *(.fini9)
 *(.fini8)
 *(.fini8)
 *(.fini7)
 *(.fini7)
 *(.fini6)
 *(.fini6)
 *(.fini5)
 *(.fini5)
 *(.fini4)
 *(.fini4)
 *(.fini3)
 *(.fini3)
 *(.fini2)
 *(.fini2)
 *(.fini1)
 *(.fini1)
 *(.fini0)
 .fini0         0x000000000000085c        0x4 /usr/lib/gcc/avr/4.9.2/avr6/libgcc.a(_exit.o)
 *(.fini0)
                0x0000000000000860                _etext = .

.data           0x0000000000800200        0x8 load address 0x0000000000000860
                0x0000000000800200                PROVIDE (__data_start, .)
 *(.data)
 .data          0x0000000000800200        0x0 /usr/lib/gcc/avr/4.9.2/../../../avr/lib/avr6/crtatmega2560.o
 .data          0x0000000000800200        0x0 UsingTimerSerial.o
 .data          0x0000000000800200        0x0 /usr/lib/gcc/avr/4.9.2/avr6/libgcc.a(_udivmodhi4.o)
 .data          0x0000000000800200        0x0 /usr/lib/gcc/avr/4.9.2/avr6/libgcc.a(_divmodhi4.o)
 .data          0x0000000000800200        0x0 /usr/lib/gcc/avr/4.9.2/avr6/libgcc.a(_udivmodsi4.o)
 .data          0x0000000000800200        0x0 /usr/lib/gcc/avr/4.9.2/avr6/libgcc.a(_exit.o)
 .data          0x0000000000800200        0x0 /usr/lib/gcc/avr/4.9.2/avr6/libgcc.a(_copy_data.o)
 .data          0x0000000000800200        0x0 /usr/lib/gcc/avr/4.9.2/avr6/libgcc.a(_clear_bss.o)
 .data          0x0000000000800200        0x0 /usr/lib/gcc/avr/4.9.2/avr6/libgcc.a(_muluhisi3.o)
 .data          0x0000000000800200        0x0 /usr/lib/gcc/avr/4.9.2/avr6/libgcc.a(_umulhisi3.o)
 .data          0x0000000000800200        0x0 /usr/lib/gcc/avr/4.9.2/../../../avr/lib/avr6/libc.a(strcat.o)
 *(.data*)
 *(.rodata)
 .rodata        0x0000000000800200        0x3 UsingTimerSerial.o
 *(.rodata*)
 .rodata.str1.1
                0x0000000000800203        0x4 UsingTimerSerial.o
 *(.gnu.linkonce.d*)
                0x0000000000800208                . = ALIGN (0x2)
 *fill*         0x0000000000800207        0x1 
                0x0000000000800208                _edata = .
                0x0000000000800208                PROVIDE (__data_end, .)

.bss            0x0000000000800208       0x4b
                0x0000000000800208                PROVIDE (__bss_start, .)
 *(.bss)
 .bss           0x0000000000800208        0x0 /usr/lib/gcc/avr/4.9.2/../../../avr/lib/avr6/crtatmega2560.o
 .bss           0x0000000000800208        0xc UsingTimerSerial.o
                0x0000000000800208                TimerSetup
                0x000000000080020c                timerOF
 .bss           0x0000000000800214        0x0 /usr/lib/gcc/avr/4.9.2/avr6/libgcc.a(_udivmodhi4.o)
 .bss           0x0000000000800214        0x0 /usr/lib/gcc/avr/4.9.2/avr6/libgcc.a(_divmodhi4.o)
 .bss           0x0000000000800214        0x0 /usr/lib/gcc/avr/4.9.2/avr6/libgcc.a(_udivmodsi4.o)
 .bss           0x0000000000800214        0x0 /usr/lib/gcc/avr/4.9.2/avr6/libgcc.a(_exit.o)
 .bss           0x0000000000800214        0x0 /usr/lib/gcc/avr/4.9.2/avr6/libgcc.a(_copy_data.o)
 .bss           0x0000000000800214        0x0 /usr/lib/gcc/avr/4.9.2/avr6/libgcc.a(_clear_bss.o)
 .bss           0x0000000000800214        0x0 /usr/lib/gcc/avr/4.9.2/avr6/libgcc.a(_muluhisi3.o)
 .bss           0x0000000000800214        0x0 /usr/lib/gcc/avr/4.9.2/avr6/libgcc.a(_umulhisi3.o)
 .bss           0x0000000000800214        0x0 /usr/lib/gcc/avr/4.9.2/../../../avr/lib/avr6/libc.a(strcat.o)
 *(.bss*)
 *(COMMON)
 COMMON         0x0000000000800214       0x3f UsingTimerSerial.o
                0x0000000000800214                rx_buffer_head
                0x0000000000800215                rx_buffer_tail
                0x0000000000800216                tx_complete
                0x0000000000800217                rx_buffer
                0x0000000000800253                PROVIDE (__bss_end, .)
                0x0000000000000860                __data_load_start = LOADADDR (.data)
                0x0000000000000868                __data_load_end = (__data_load_start + SIZEOF (.data))

.noinit         0x0000000000800253        0x0
                [!provide]                        PROVIDE (__noinit_start, .)
 *(.noinit*)
                [!provide]                        PROVIDE (__noinit_end, .)
                0x0000000000800253                _end = .
                [!provide]                        PROVIDE (__heap_start, .)

.eeprom         0x0000000000810000        0x0
 *(.eeprom*)
                0x0000000000810000                __eeprom_end = .

.fuse
 *(.fuse)
 *(.lfuse)
 *(.hfuse)
 *(.efuse)

.lock
 *(.lock*)

.signature
 *(.signature*)

.stab           0x0000000000000000     0x1524
 *(.stab)
 .stab          0x0000000000000000     0x1524 UsingTimerSerial.o

.stabstr        0x0000000000000000     0x11b5
 *(.stabstr)
 .stabstr       0x0000000000000000     0x11b5 UsingTimerSerial.o

.stab.excl
 *(.stab.excl)

.stab.exclstr
 *(.stab.exclstr)

.stab.index
 *(.stab.index)

.stab.indexstr
 *(.stab.indexstr)

.comment        0x0000000000000000       0x11
 *(.comment)
 .comment       0x0000000000000000       0x11 UsingTimerSerial.o
                                         0x12 (size before relaxing)

.note.gnu.avr.deviceinfo
                0x0000000000000000       0x40
 .note.gnu.avr.deviceinfo
                0x0000000000000000       0x40 /usr/lib/gcc/avr/4.9.2/../../../avr/lib/avr6/crtatmega2560.o

.debug
 *(.debug)

.line
 *(.line)

.debug_srcinfo
 *(.debug_srcinfo)

.debug_sfnames
 *(.debug_sfnames)

.debug_aranges
 *(.debug_aranges)

.debug_pubnames
 *(.debug_pubnames)

.debug_info
 *(.debug_info)
 *(.gnu.linkonce.wi.*)

.debug_abbrev
 *(.debug_abbrev)

.debug_line
 *(.debug_line)

.debug_frame
 *(.debug_frame)

.debug_str
 *(.debug_str)

.debug_loc
 *(.debug_loc)

.debug_macinfo
 *(.debug_macinfo)
OUTPUT(UsingTimerSerial.out elf32-avr)
LOAD linker stubs
